Archive member included to satisfy reference by file (symbol)

c:/users/carson quesada/xpack-riscv-none-elf-gcc-11.5.0-2/bin/../lib/gcc/riscv-none-elf/11.5.0/../../../../riscv-none-elf/lib/rv32im/ilp32\libc.a(libc_a-memset.o)
                              C:\Users\CARSON~1\AppData\Local\Temp\cczKcuCw.o (memset)
c:/users/carson quesada/xpack-riscv-none-elf-gcc-11.5.0-2/bin/../lib/gcc/riscv-none-elf/11.5.0/../../../../riscv-none-elf/lib/rv32im/ilp32\libc.a(libc_a-memcpy.o)
                              C:\Users\CARSON~1\AppData\Local\Temp\cczKcuCw.o (memcpy)

Discarded input sections

 .text          0x00000000        0x0 C:\Users\CARSON~1\AppData\Local\Temp\cc40blQZ.o
 .data          0x00000000        0x0 C:\Users\CARSON~1\AppData\Local\Temp\cc40blQZ.o
 .bss           0x00000000        0x0 C:\Users\CARSON~1\AppData\Local\Temp\cc40blQZ.o
 .text          0x00000000        0x0 C:\Users\CARSON~1\AppData\Local\Temp\ccq7agtu.o
 .data          0x00000000        0x0 C:\Users\CARSON~1\AppData\Local\Temp\ccq7agtu.o
 .bss           0x00000000        0x0 C:\Users\CARSON~1\AppData\Local\Temp\ccq7agtu.o
 .trap          0x00000000       0xac C:\Users\CARSON~1\AppData\Local\Temp\ccq7agtu.o
 .rodata        0x00000000       0x15 C:\Users\CARSON~1\AppData\Local\Temp\ccq7agtu.o
 .riscv.attributes
                0x00000000       0x31 C:\Users\CARSON~1\AppData\Local\Temp\ccq7agtu.o
 .text          0x00000000        0x0 C:\Users\CARSON~1\AppData\Local\Temp\cczKcuCw.o
 .data          0x00000000        0x0 C:\Users\CARSON~1\AppData\Local\Temp\cczKcuCw.o
 .bss           0x00000000        0x0 C:\Users\CARSON~1\AppData\Local\Temp\cczKcuCw.o
 .text.puthex32
                0x00000000       0x38 C:\Users\CARSON~1\AppData\Local\Temp\cczKcuCw.o
 .text.put_u64  0x00000000       0xd4 C:\Users\CARSON~1\AppData\Local\Temp\cczKcuCw.o
 .text.compare  0x00000000       0x22 C:\Users\CARSON~1\AppData\Local\Temp\cczKcuCw.o
 .data          0x00000000        0x0 c:/users/carson quesada/xpack-riscv-none-elf-gcc-11.5.0-2/bin/../lib/gcc/riscv-none-elf/11.5.0/../../../../riscv-none-elf/lib/rv32im/ilp32\libc.a(libc_a-memset.o)
 .bss           0x00000000        0x0 c:/users/carson quesada/xpack-riscv-none-elf-gcc-11.5.0-2/bin/../lib/gcc/riscv-none-elf/11.5.0/../../../../riscv-none-elf/lib/rv32im/ilp32\libc.a(libc_a-memset.o)
 .text          0x00000000        0x0 c:/users/carson quesada/xpack-riscv-none-elf-gcc-11.5.0-2/bin/../lib/gcc/riscv-none-elf/11.5.0/../../../../riscv-none-elf/lib/rv32im/ilp32\libc.a(libc_a-memcpy.o)
 .data          0x00000000        0x0 c:/users/carson quesada/xpack-riscv-none-elf-gcc-11.5.0-2/bin/../lib/gcc/riscv-none-elf/11.5.0/../../../../riscv-none-elf/lib/rv32im/ilp32\libc.a(libc_a-memcpy.o)
 .bss           0x00000000        0x0 c:/users/carson quesada/xpack-riscv-none-elf-gcc-11.5.0-2/bin/../lib/gcc/riscv-none-elf/11.5.0/../../../../riscv-none-elf/lib/rv32im/ilp32\libc.a(libc_a-memcpy.o)

Memory Configuration

Name             Origin             Length             Attributes
RAM              0x80000000         0x00010000         xrw
*default*        0x00000000         0xffffffff

Linker script and memory map

LOAD C:\Users\CARSON~1\AppData\Local\Temp\cc40blQZ.o
LOAD C:\Users\CARSON~1\AppData\Local\Temp\ccq7agtu.o
LOAD C:\Users\CARSON~1\AppData\Local\Temp\cczKcuCw.o
START GROUP
LOAD c:/users/carson quesada/xpack-riscv-none-elf-gcc-11.5.0-2/bin/../lib/gcc/riscv-none-elf/11.5.0/../../../../riscv-none-elf/lib/rv32im/ilp32\libc.a
LOAD c:/users/carson quesada/xpack-riscv-none-elf-gcc-11.5.0-2/bin/../lib/gcc/riscv-none-elf/11.5.0/rv32im/ilp32\libgcc.a
END GROUP
                0x80000000                        . = ORIGIN (RAM)

.text           0x80000000     0x4ce4
 *(.init)
 .init          0x80000000       0x2e C:\Users\CARSON~1\AppData\Local\Temp\cc40blQZ.o
                0x80000000                _start
 *(.text*)
 .text.put_SR_SL
                0x8000002e       0xfa C:\Users\CARSON~1\AppData\Local\Temp\cczKcuCw.o
 .text.putdec64
                0x80000128       0x72 C:\Users\CARSON~1\AppData\Local\Temp\cczKcuCw.o
 .text.schwaemm128_128_encrypt
                0x8000019a     0x1fde C:\Users\CARSON~1\AppData\Local\Temp\cczKcuCw.o
                0x8000019a                schwaemm128_128_encrypt
 .text.schwaemm128_128_decrypt
                0x80002178     0x237c C:\Users\CARSON~1\AppData\Local\Temp\cczKcuCw.o
                0x80002178                schwaemm128_128_decrypt
 .text.startup.main
                0x800044f4      0x5ec C:\Users\CARSON~1\AppData\Local\Temp\cczKcuCw.o
                0x800044f4                main
 .text          0x80004ae0       0xdc c:/users/carson quesada/xpack-riscv-none-elf-gcc-11.5.0-2/bin/../lib/gcc/riscv-none-elf/11.5.0/../../../../riscv-none-elf/lib/rv32im/ilp32\libc.a(libc_a-memset.o)
                0x80004ae0                memset
 .text.memcpy   0x80004bbc      0x128 c:/users/carson quesada/xpack-riscv-none-elf-gcc-11.5.0-2/bin/../lib/gcc/riscv-none-elf/11.5.0/../../../../riscv-none-elf/lib/rv32im/ilp32\libc.a(libc_a-memcpy.o)
                0x80004bbc                memcpy
                0x80004ce8                        . = ALIGN (0x8)

.rodata         0x80004ce8      0x2c0
 *(.rodata*)
 .rodata.main.str1.4
                0x80004ce8      0x1fc C:\Users\CARSON~1\AppData\Local\Temp\cczKcuCw.o
 .rodata.Cc     0x80004ee4       0x20 C:\Users\CARSON~1\AppData\Local\Temp\cczKcuCw.o
 *fill*         0x80004f04        0x4 
 .rodata.p10_64
                0x80004f08       0xa0 C:\Users\CARSON~1\AppData\Local\Temp\cczKcuCw.o

.rela.dyn       0x80004fa8        0x0
 .rela.init     0x80004fa8        0x0 C:\Users\CARSON~1\AppData\Local\Temp\cc40blQZ.o

.data
 *(.data*)

.bss            0x80004fa8        0x0
                0x80004fa8                        __bss_start = .
 *(.bss*)
 *(COMMON)
                0x80004fa8                        __bss_end = .
                0x80004fa8                        . = ALIGN (0x4)
                0x80004fa8                        _heap_start = .
                0x80010000                        _heap_end = (ORIGIN (RAM) + LENGTH (RAM))
                0x80010000                        _stack_top = (ORIGIN (RAM) + LENGTH (RAM))
                [!provide]                        PROVIDE (_end = _heap_start)
OUTPUT(prog.elf elf32-littleriscv)

.riscv.attributes
                0x00000000       0x33
 .riscv.attributes
                0x00000000       0x2d C:\Users\CARSON~1\AppData\Local\Temp\cc40blQZ.o
 .riscv.attributes
                0x0000002d       0x2f C:\Users\CARSON~1\AppData\Local\Temp\cczKcuCw.o
 .riscv.attributes
                0x0000005c       0x28 c:/users/carson quesada/xpack-riscv-none-elf-gcc-11.5.0-2/bin/../lib/gcc/riscv-none-elf/11.5.0/../../../../riscv-none-elf/lib/rv32im/ilp32\libc.a(libc_a-memset.o)
 .riscv.attributes
                0x00000084       0x2a c:/users/carson quesada/xpack-riscv-none-elf-gcc-11.5.0-2/bin/../lib/gcc/riscv-none-elf/11.5.0/../../../../riscv-none-elf/lib/rv32im/ilp32\libc.a(libc_a-memcpy.o)

.comment        0x00000000       0x33
 .comment       0x00000000       0x33 C:\Users\CARSON~1\AppData\Local\Temp\cczKcuCw.o
                                 0x34 (size before relaxing)
 .comment       0x00000033       0x34 c:/users/carson quesada/xpack-riscv-none-elf-gcc-11.5.0-2/bin/../lib/gcc/riscv-none-elf/11.5.0/../../../../riscv-none-elf/lib/rv32im/ilp32\libc.a(libc_a-memcpy.o)
